// Jest Snapshot v1, https://goo.gl/fbAQLP

exports[`test on AppRouter should show the loginscreen if the user isnt auth 1`] = `
<div
  className="container mt-5"
>
  <h1>
    Login Screen
  </h1>
  <hr />
  <button
    className="btn btn-primary"
    onClick={[Function]}
  >
     Log In 
  </button>
</div>
`;
